// Jest Snapshot v1, https://goo.gl/fbAQLP

exports[`__interactive 1`] = `
<DocumentFragment>
  <div
    class="formInputs row2"
  >
    <div
      class="leftPart"
    >
      <div
        class="inputWrapper"
      >
        <input
          class="input"
          placeholder="請輸入"
          type="text"
          value=""
        />
      </div>
      <div
        class="inputWrapper"
      >
        <input
          class="input"
          placeholder="請輸入"
          type="number"
          value="0"
        />
      </div>
      <div
        class="inputWrapper"
      >
        <input
          class="input"
          disabled=""
          placeholder="請輸入"
          type="text"
          value=""
        />
      </div>
      <div
        class="passwordInput"
      >
        <div
          class="inputWrapper"
        >
          <input
            class="input"
            placeholder="密碼"
            type="password"
            value=""
          />
        </div>
        <div
          class="icon"
          role="button"
          tabindex="0"
        >
          <test-file-stub />
        </div>
      </div>
      <div
        class="row2"
      >
        <div
          class="inputWrapper"
        >
          <input
            class="input"
            placeholder="請輸入"
            type="text"
            value=""
          />
        </div>
        <div
          class="inputWrapper"
        >
          <input
            class="input"
            placeholder="請輸入"
            type="text"
            value=""
          />
        </div>
      </div>
      <div
        class="textareaWrapper textarea"
      >
        <textarea
          class="textarea"
          cols="10"
          placeholder="請輸入"
          rows="10"
        />
      </div>
    </div>
    <div
      class="rightPart"
    >
      <div
        class="dropdownWrapper"
      >
        <div
          role="button"
          tabindex="0"
        >
          <div
            class="dropdownSelectField"
          >
            <input
              disabled=""
              type="text"
              value="請選擇"
            />
            <div
              class="icon"
            >
              <test-file-stub />
            </div>
          </div>
        </div>
      </div>
      <div
        class="inputWrapper"
      >
        <input
          class="input"
          placeholder="請輸入"
          type="text"
          value=""
        />
      </div>
    </div>
  </div>
</DocumentFragment>
`;
