// Jest Snapshot v1, https://goo.gl/fbAQLP

exports[`__interactive 1`] = `
<DocumentFragment>
  <div
    class="formInputs row2"
  >
    <div
      class="leftPart"
    >
      <div
        class="inputWrapper"
      >
        <input
          class="input"
          placeholder="請輸入"
          type="text"
          value=""
        />
      </div>
      <div
        class="inputWrapper"
      >
        <input
          class="input"
          placeholder="請輸入"
          type="number"
          value="0"
        />
      </div>
      <div
        class="inputWrapper"
      >
        <input
          class="input"
          disabled=""
          placeholder="請輸入"
          type="text"
          value=""
        />
      </div>
      <div
        class="passwordInput"
      >
        <div
          class="inputWrapper"
        >
          <input
            class="input"
            placeholder="密碼"
            type="password"
            value=""
          />
        </div>
        <div
          class="icon"
          role="button"
          tabindex="0"
        >
          <test-file-stub />
        </div>
      </div>
      <div
        class="row2"
      >
        <div
          class="inputWrapper"
        >
          <input
            class="input"
            placeholder="請輸入"
            type="text"
            value=""
          />
        </div>
        <div
          class="inputWrapper"
        >
          <input
            class="input"
            placeholder="請輸入"
            type="text"
            value=""
          />
        </div>
      </div>
      <div
        class="textareaWrapper textarea"
      >
        <textarea
          class="textarea"
          cols="10"
          placeholder="請輸入"
          rows="10"
        />
      </div>
    </div>
    <div
      class="rightPart"
    >
      <div
        class="dropdownWrapper"
      >
        <div
          role="button"
          tabindex="0"
        >
          <div
            class="dropdownSelectField"
          >
            <input
              disabled=""
              type="text"
              value="請選擇"
            />
            <div
              class="icon"
            >
              <test-file-stub />
            </div>
          </div>
        </div>
      </div>
      <div
        class="radioGroup radioGroup"
      >
        <div
          class="radioWrapper radio"
        >
          <input
            checked=""
            id="M"
            name="radioInput"
            type="radio"
          />
          <label
            for="M"
          >
            男
          </label>
        </div>
        <div
          class="radioWrapper radio"
        >
          <input
            id="F"
            name="radioInput"
            type="radio"
          />
          <label
            for="F"
          >
            女
          </label>
        </div>
      </div>
      <div
        class="checkboxGroup checkboxGroup"
      >
        <div
          class="checkboxWrapper checkbox"
        >
          <input
            id="選項A"
            name="選項A"
            type="checkbox"
          />
          <label
            for="選項A"
          >
            選項A
          </label>
        </div>
        <div
          class="checkboxWrapper checkbox"
        >
          <input
            id="選項B"
            name="選項B"
            type="checkbox"
          />
          <label
            for="選項B"
          >
            選項B
          </label>
        </div>
        <div
          class="checkboxWrapper checkbox"
        >
          <input
            checked=""
            id="選項C"
            name="選項C"
            type="checkbox"
          />
          <label
            for="選項C"
          >
            選項C
          </label>
        </div>
      </div>
      <div
        class="rangeSlider"
      >
        <input
          max="100"
          min="0"
          step="0"
          type="range"
          value="0"
        />
      </div>
    </div>
  </div>
</DocumentFragment>
`;
