// Jest Snapshot v1, https://goo.gl/fbAQLP

exports[`__interactive 1`] = `
<DocumentFragment>
  <div
    class="passwordInput"
  >
    <div
      class="inputField full"
    >
      <div
        class="inputWrapper"
      >
        <input
          class="input"
          placeholder=""
          type="password"
          value=""
        />
      </div>
    </div>
    <div
      class="icon"
      role="button"
      tabindex="0"
    >
      <test-file-stub />
    </div>
  </div>
</DocumentFragment>
`;
