// Jest Snapshot v1, https://goo.gl/fbAQLP

exports[`__interactive 1`] = `
<DocumentFragment>
  <div
    class="inputField full"
  >
    <div
      class="inputWrapper"
    >
      <input
        class="input"
        placeholder=""
        type="text"
        value=""
      />
    </div>
  </div>
</DocumentFragment>
`;
